MPLINK 4.37, Linker
Linker Map File - Created Tue Dec 13 13:59:18 2016

                                 Section Info
                  Section       Type    Address   Location Size(Bytes)
                ---------  ---------  ---------  ---------  ---------
                   .org_0       code   0x000000    program   0x000004
                   .cinit    romdata   0x000004    program   0x000002
                   .org_1       code   0x000008    program   0x000004
                   .org_2       code   0x000018    program   0x00007c
    .config_01FFF8_MAIN.O    romdata   0x01fff8    program   0x000001
    .config_01FFFA_MAIN.O    romdata   0x01fffa    program   0x000001



                              Program Memory Usage 
                               Start         End      
                           ---------   ---------      
                            0x000000    0x000005      
                            0x000008    0x00000b      
                            0x000018    0x000093      
                            0x01fff8    0x01fff8      
                            0x01fffa    0x01fffa      
            136 out of 131072 program addresses used, program memory utilization is 0%



                              Symbols - Sorted by Name
                     Name    Address   Location    Storage File                     
                ---------  ---------  ---------  --------- ---------                
                    BUCLE   0x000052    program     static D:\MPLABProyects\Practicas_curso_basico\7_PrioridadesInt\main.asm
                   INICIO   0x00001c    program     static D:\MPLABProyects\Practicas_curso_basico\7_PrioridadesInt\main.asm
                    ISR_H   0x000056    program     static D:\MPLABProyects\Practicas_curso_basico\7_PrioridadesInt\main.asm
                    ISR_L   0x000064    program     static D:\MPLABProyects\Practicas_curso_basico\7_PrioridadesInt\main.asm
                RETARDO1s   0x000074    program     static D:\MPLABProyects\Practicas_curso_basico\7_PrioridadesInt\main.asm
                    Ret1s   0x000080    program     static D:\MPLABProyects\Practicas_curso_basico\7_PrioridadesInt\main.asm



                              Symbols - Sorted by Address
                     Name    Address   Location    Storage File                     
                ---------  ---------  ---------  --------- ---------                
                   INICIO   0x00001c    program     static D:\MPLABProyects\Practicas_curso_basico\7_PrioridadesInt\main.asm
                    BUCLE   0x000052    program     static D:\MPLABProyects\Practicas_curso_basico\7_PrioridadesInt\main.asm
                    ISR_H   0x000056    program     static D:\MPLABProyects\Practicas_curso_basico\7_PrioridadesInt\main.asm
                    ISR_L   0x000064    program     static D:\MPLABProyects\Practicas_curso_basico\7_PrioridadesInt\main.asm
                RETARDO1s   0x000074    program     static D:\MPLABProyects\Practicas_curso_basico\7_PrioridadesInt\main.asm
                    Ret1s   0x000080    program     static D:\MPLABProyects\Practicas_curso_basico\7_PrioridadesInt\main.asm


